<testsuite errors="0" failures="0" skipped="0" tests="11" time="16.885" name="github.com/cockroachdb/cockroach/pkg/server">
	<testcase name="TestAdminAPITableStats" time="2.690"></testcase>
	<testcase name="TestAdminAPIZoneDetails" time="0.690"></testcase>
	<testcase name="TestAllVersionsAgree" time="2.090"></testcase>
	<testcase name="TestEndpointTelemetryBasic" time="0.310"></testcase>
	<testcase name="TestGraphite" time="0.670"></testcase>
	<testcase name="TestInitializeFromConfig" time="5.940"></testcase>
	<testcase name="TestMetricsRecording" time="0.630"></testcase>
	<testcase name="TestNodeJoin" time="1.110"></testcase>
	<testcase name="TestPlainHTTPServer" time="0.570"></testcase>
	<testcase name="TestRemoteDebugModeSetting" time="0.870"></testcase>
	<testcase name="TestSettingsRefresh" time="0.770"></testcase>
</testsuite>
