1:
-
SELECT
	fn(
		1,
		2
	)

10:
----------
SELECT fn(
		1,
		2
       )

15:
---------------
SELECT fn(1, 2)
