// Code generated by TestPretty. DO NOT EDIT.
// GENERATED FILE DO NOT EDIT
1:
-
SELECT
	fn(
		1,
		2
	)

12:
------------
SELECT
	fn(1, 2)

15:
---------------
SELECT fn(1, 2)


