// Code generated by TestPretty. DO NOT EDIT.
// GENERATED FILE DO NOT EDIT
1:
-
SELECT
	1,
	2

8:
--------
SELECT
	1, 2

11:
-----------
SELECT 1, 2


