// Code generated by TestPretty. DO NOT EDIT.
// GENERATED FILE DO NOT EDIT
1:
-
UPDATE
	abc
SET
	(
		b,
		c
	)
		= (
			8,
			9
		)
WHERE
	a
	= 2
	AND b
		= c
ORDER BY
	v
		DESC
LIMIT
	1
RETURNING
	abc.b,
	c,
	4
		AS d

5:
-----
UPDATE
	abc
SET
	(
		b,
		c
	) = (
		8,
		9
	  )
WHERE
	a
	= 2
	AND b
		= c
ORDER BY
	v
		DESC
LIMIT
	1
RETURNING
	abc.b,
	c,
	4
		AS d

9:
---------
UPDATE
	abc
SET
	(
		b,
		c
	) = (
		8,
		9
	  )
WHERE
	a = 2
	AND b
		= c
ORDER BY
	v
		DESC
LIMIT
	1
RETURNING
	abc.b,
	c,
	4
		AS d

10:
----------
UPDATE
	abc
SET
	(
		b,
		c
	) = (
		8,
		9
	  )
WHERE
	a = 2
	AND b
		= c
ORDER BY
	v DESC
LIMIT
	1
RETURNING
	abc.b,
	c,
	4 AS d

13:
-------------
   UPDATE abc
      SET (
			b,
			c
          ) = (
				8,
				9
            )
    WHERE a
          = 2
      AND b
          = c
 ORDER BY v
			DESC
    LIMIT 1
RETURNING abc.b,
          c,
          4
			AS d

15:
---------------
   UPDATE abc
      SET (
			b,
			c
          ) = (
				8,
				9
            )
    WHERE a = 2
      AND b = c
 ORDER BY v
			DESC
    LIMIT 1
RETURNING abc.b,
          c,
          4
			AS d

16:
----------------
   UPDATE abc
      SET (
			b,
			c
          ) = (
				8,
				9
            )
    WHERE a = 2
      AND b = c
 ORDER BY v DESC
    LIMIT 1
RETURNING abc.b,
          c,
          4 AS d

20:
--------------------
   UPDATE abc
      SET (b, c) = (
					8,
					9
                 )
    WHERE a = 2
      AND b = c
 ORDER BY v DESC
    LIMIT 1
RETURNING abc.b,
          c,
          4 AS d

25:
-------------------------
   UPDATE abc
      SET (b, c) = (8, 9)
    WHERE a = 2 AND b = c
 ORDER BY v DESC
    LIMIT 1
RETURNING abc.b,
          c,
          4 AS d

26:
--------------------------
   UPDATE abc
      SET (b, c) = (8, 9)
    WHERE a = 2 AND b = c
 ORDER BY v DESC
    LIMIT 1
RETURNING abc.b, c, 4 AS d

103:
-------------------------------------------------------------------------------------------------------
UPDATE abc SET (b, c) = (8, 9) WHERE a = 2 AND b = c ORDER BY v DESC LIMIT 1 RETURNING abc.b, c, 4 AS d


