1:
-
SELECT
	*
FROM
	a
ORDER BY
	INDEX abc2@ba
		DESC,
	INDEX abc2@ba,
	PRIMARY KEY abc2
		DESC,
	"foo.bar"
		ASC

10:
----------
  SELECT *
    FROM a
ORDER BY INDEX abc2@ba
			DESC,
         INDEX abc2@ba,
         PRIMARY KEY abc2
			DESC,
         "foo.bar"
			ASC

22:
----------------------
  SELECT *
    FROM a
ORDER BY INDEX abc2@ba
			DESC,
         INDEX abc2@ba,
         PRIMARY KEY abc2
			DESC,
         "foo.bar" ASC

28:
----------------------------
  SELECT *
    FROM a
ORDER BY INDEX abc2@ba DESC,
         INDEX abc2@ba,
         PRIMARY KEY abc2
			DESC,
         "foo.bar" ASC

31:
-------------------------------
  SELECT *
    FROM a
ORDER BY INDEX abc2@ba DESC,
         INDEX abc2@ba,
         PRIMARY KEY abc2 DESC,
         "foo.bar" ASC

80:
--------------------------------------------------------------------------------
  SELECT *
    FROM a
ORDER BY INDEX abc2@ba DESC, INDEX abc2@ba, PRIMARY KEY abc2 DESC, "foo.bar" ASC

96:
------------------------------------------------------------------------------------------------
SELECT * FROM a ORDER BY INDEX abc2@ba DESC, INDEX abc2@ba, PRIMARY KEY abc2 DESC, "foo.bar" ASC
