// Code generated by TestPretty. DO NOT EDIT.
// GENERATED FILE DO NOT EDIT
1:
-
SELECT
	(
		1
		OPERATOR(-) 1
	)
	OPERATOR(+) 4,
	1
	OPERATOR(=) 2

19:
-------------------
SELECT
	(
		1
		OPERATOR(-) 1
	)
	OPERATOR(+) 4,
	1 OPERATOR(=) 2

21:
---------------------
SELECT
	(1 OPERATOR(-) 1)
	OPERATOR(+) 4,
	1 OPERATOR(=) 2

36:
------------------------------------
SELECT
	(1 OPERATOR(-) 1) OPERATOR(+) 4,
	1 OPERATOR(=) 2

52:
----------------------------------------------------
SELECT
	(1 OPERATOR(-) 1) OPERATOR(+) 4, 1 OPERATOR(=) 2

55:
-------------------------------------------------------
SELECT (1 OPERATOR(-) 1) OPERATOR(+) 4, 1 OPERATOR(=) 2


