// Code generated by TestPretty. DO NOT EDIT.
// GENERATED FILE DO NOT EDIT
1:
-
SELECT
	(
		SELECT
			1
	)

8:
--------
SELECT (
		SELECT
			1
       )

16:
----------------
SELECT (
		SELECT 1
       )

17:
-----------------
SELECT (SELECT 1)


