1:
-
SELECT
	"primary",
	'primary'

17:
-----------------
SELECT "primary",
       'primary'

27:
---------------------------
SELECT "primary", 'primary'
