// Code generated by TestPretty. DO NOT EDIT.
// GENERATED FILE DO NOT EDIT
1:
-
INSERT
INTO
	kv2
		(
			k,
			v
		)
VALUES
	(
		'a',
		'b'
	),
	(
		'c',
		'd'
	),
	(
		'e',
		'f'
	),
	(
		'f',
		'g'
	),
	(
		ARRAY[
			NULL::INT8
		]
	),
	(
		ARRAY[
			NULL::INT8,
			1
		]
	),
	(
		ARRAY[
			1,
			NULL::INT8
		]
	),
	(
		ARRAY[
			NULL::INT8,
			NULL::INT8
		]
	),
	(
		9
		/ 3
		* 1
			/ 3
	),
	(
		2.0
	),
	(
		2.4
		+ 4.6
	)

6:
------
INSERT
  INTO kv2
		(
			k,
			v
		)
VALUES (
		'a',
		'b'
       ),
       (
		'c',
		'd'
       ),
       (
		'e',
		'f'
       ),
       (
		'f',
		'g'
       ),
       (
		ARRAY[
			NULL::INT8
		]
       ),
       (
		ARRAY[
			NULL::INT8,
			1
		]
       ),
       (
		ARRAY[
			1,
			NULL::INT8
		]
       ),
       (
		ARRAY[
			NULL::INT8,
			NULL::INT8
		]
       ),
       (
		9
		/ 3
		* 1
			/ 3
       ),
       (
		2.0
       ),
       (
		2.4
		+ 4.6
       )

12:
------------
INSERT
  INTO kv2 (
			k,
			v
           )
VALUES (
		'a',
		'b'
       ),
       (
		'c',
		'd'
       ),
       (
		'e',
		'f'
       ),
       (
		'f',
		'g'
       ),
       (
		ARRAY[
			NULL::INT8
		]
       ),
       (
		ARRAY[
			NULL::INT8,
			1
		]
       ),
       (
		ARRAY[
			1,
			NULL::INT8
		]
       ),
       (
		ARRAY[
			NULL::INT8,
			NULL::INT8
		]
       ),
       (
		9
		/ 3
		* 1
			/ 3
       ),
       (
		2.0
       ),
       (
		2.4
		+ 4.6
       )

13:
-------------
INSERT
  INTO kv2 (
			k,
			v
           )
VALUES (
		'a',
		'b'
       ),
       (
		'c',
		'd'
       ),
       (
		'e',
		'f'
       ),
       (
		'f',
		'g'
       ),
       (
		ARRAY[
			NULL::INT8
		]
       ),
       (
		ARRAY[
			NULL::INT8,
			1
		]
       ),
       (
		ARRAY[
			1,
			NULL::INT8
		]
       ),
       (
		ARRAY[
			NULL::INT8,
			NULL::INT8
		]
       ),
       (
		9 / 3
		* 1
			/ 3
       ),
       (2.0),
       (
		2.4
		+ 4.6
       )

15:
---------------
INSERT
  INTO kv2 (
			k,
			v
           )
VALUES (
		'a',
		'b'
       ),
       (
		'c',
		'd'
       ),
       (
		'e',
		'f'
       ),
       (
		'f',
		'g'
       ),
       (
		ARRAY[
			NULL::INT8
		]
       ),
       (
		ARRAY[
			NULL::INT8,
			1
		]
       ),
       (
		ARRAY[
			1,
			NULL::INT8
		]
       ),
       (
		ARRAY[
			NULL::INT8,
			NULL::INT8
		]
       ),
       (
		9 / 3
		* 1 / 3
       ),
       (2.0),
       (
		2.4
		+ 4.6
       )

17:
-----------------
INSERT
  INTO kv2 (k, v)
VALUES (
		'a',
		'b'
       ),
       (
		'c',
		'd'
       ),
       (
		'e',
		'f'
       ),
       (
		'f',
		'g'
       ),
       (
		ARRAY[
			NULL::INT8
		]
       ),
       (
		ARRAY[
			NULL::INT8,
			1
		]
       ),
       (
		ARRAY[
			1,
			NULL::INT8
		]
       ),
       (
		ARRAY[
			NULL::INT8,
			NULL::INT8
		]
       ),
       (
		9 / 3
		* 1 / 3
       ),
       (2.0),
       (
		2.4 + 4.6
       )

18:
------------------
INSERT
  INTO kv2 (k, v)
VALUES ('a', 'b'),
       ('c', 'd'),
       ('e', 'f'),
       ('f', 'g'),
       (
		ARRAY[
			NULL::INT8
		]
       ),
       (
		ARRAY[
			NULL::INT8,
			1
		]
       ),
       (
		ARRAY[
			1,
			NULL::INT8
		]
       ),
       (
		ARRAY[
			NULL::INT8,
			NULL::INT8
		]
       ),
       (
		9 / 3
		* 1 / 3
       ),
       (2.0),
       (2.4 + 4.6)

21:
---------------------
INSERT
  INTO kv2 (k, v)
VALUES ('a', 'b'),
       ('c', 'd'),
       ('e', 'f'),
       ('f', 'g'),
       (
		ARRAY[
			NULL::INT8
		]
       ),
       (
		ARRAY[
			NULL::INT8,
			1
		]
       ),
       (
		ARRAY[
			1,
			NULL::INT8
		]
       ),
       (
		ARRAY[
			NULL::INT8,
			NULL::INT8
		]
       ),
       (
		9 / 3 * 1 / 3
       ),
       (2.0),
       (2.4 + 4.6)

23:
-----------------------
INSERT
  INTO kv2 (k, v)
VALUES ('a', 'b'),
       ('c', 'd'),
       ('e', 'f'),
       ('f', 'g'),
       (
		ARRAY[
			NULL::INT8
		]
       ),
       (
		ARRAY[
			NULL::INT8,
			1
		]
       ),
       (
		ARRAY[
			1,
			NULL::INT8
		]
       ),
       (
		ARRAY[
			NULL::INT8,
			NULL::INT8
		]
       ),
       (9 / 3 * 1 / 3),
       (2.0),
       (2.4 + 4.6)

25:
-------------------------
INSERT
  INTO kv2 (k, v)
VALUES ('a', 'b'),
       ('c', 'd'),
       ('e', 'f'),
       ('f', 'g'),
       (
		ARRAY[NULL::INT8]
       ),
       (
		ARRAY[
			NULL::INT8,
			1
		]
       ),
       (
		ARRAY[
			1,
			NULL::INT8
		]
       ),
       (
		ARRAY[
			NULL::INT8,
			NULL::INT8
		]
       ),
       (9 / 3 * 1 / 3),
       (2.0),
       (2.4 + 4.6)

27:
---------------------------
INSERT
  INTO kv2 (k, v)
VALUES ('a', 'b'),
       ('c', 'd'),
       ('e', 'f'),
       ('f', 'g'),
       (ARRAY[NULL::INT8]),
       (
		ARRAY[
			NULL::INT8,
			1
		]
       ),
       (
		ARRAY[
			1,
			NULL::INT8
		]
       ),
       (
		ARRAY[
			NULL::INT8,
			NULL::INT8
		]
       ),
       (9 / 3 * 1 / 3),
       (2.0),
       (2.4 + 4.6)

28:
----------------------------
INSERT
  INTO kv2 (k, v)
VALUES ('a', 'b'),
       ('c', 'd'),
       ('e', 'f'),
       ('f', 'g'),
       (ARRAY[NULL::INT8]),
       (
		ARRAY[NULL::INT8, 1]
       ),
       (
		ARRAY[1, NULL::INT8]
       ),
       (
		ARRAY[
			NULL::INT8,
			NULL::INT8
		]
       ),
       (9 / 3 * 1 / 3),
       (2.0),
       (2.4 + 4.6)

30:
------------------------------
INSERT
  INTO kv2 (k, v)
VALUES ('a', 'b'),
       ('c', 'd'),
       ('e', 'f'),
       ('f', 'g'),
       (ARRAY[NULL::INT8]),
       (ARRAY[NULL::INT8, 1]),
       (ARRAY[1, NULL::INT8]),
       (
		ARRAY[
			NULL::INT8,
			NULL::INT8
		]
       ),
       (9 / 3 * 1 / 3),
       (2.0),
       (2.4 + 4.6)

37:
-------------------------------------
INSERT
  INTO kv2 (k, v)
VALUES ('a', 'b'),
       ('c', 'd'),
       ('e', 'f'),
       ('f', 'g'),
       (ARRAY[NULL::INT8]),
       (ARRAY[NULL::INT8, 1]),
       (ARRAY[1, NULL::INT8]),
       (
		ARRAY[NULL::INT8, NULL::INT8]
       ),
       (9 / 3 * 1 / 3),
       (2.0),
       (2.4 + 4.6)

39:
---------------------------------------
INSERT
  INTO kv2 (k, v)
VALUES ('a', 'b'),
       ('c', 'd'),
       ('e', 'f'),
       ('f', 'g'),
       (ARRAY[NULL::INT8]),
       (ARRAY[NULL::INT8, 1]),
       (ARRAY[1, NULL::INT8]),
       (ARRAY[NULL::INT8, NULL::INT8]),
       (9 / 3 * 1 / 3),
       (2.0),
       (2.4 + 4.6)

192:
------------------------------------------------------------------------------------------------------------------------------------------------------------------------------------------------
INSERT
  INTO kv2 (k, v)
VALUES ('a', 'b'), ('c', 'd'), ('e', 'f'), ('f', 'g'), (ARRAY[NULL::INT8]), (ARRAY[NULL::INT8, 1]), (ARRAY[1, NULL::INT8]), (ARRAY[NULL::INT8, NULL::INT8]), (9 / 3 * 1 / 3), (2.0), (2.4 + 4.6)

215:
-----------------------------------------------------------------------------------------------------------------------------------------------------------------------------------------------------------------------
INSERT INTO kv2 (k, v) VALUES ('a', 'b'), ('c', 'd'), ('e', 'f'), ('f', 'g'), (ARRAY[NULL::INT8]), (ARRAY[NULL::INT8, 1]), (ARRAY[1, NULL::INT8]), (ARRAY[NULL::INT8, NULL::INT8]), (9 / 3 * 1 / 3), (2.0), (2.4 + 4.6)


