// Code generated by TestPretty. DO NOT EDIT.
// GENERATED FILE DO NOT EDIT
1:
-
INSERT
INTO
	kv2
		(
			k,
			v
		)
VALUES
	(
		'a',
		'b'
	),
	(
		'c',
		'd'
	),
	(
		'e',
		'f'
	),
	(
		'f',
		'g'
	),
	(
		ARRAY[
			NULL::INT8
		]
	),
	(
		ARRAY[
			NULL::INT8,
			1
		]
	),
	(
		ARRAY[
			1,
			NULL::INT8
		]
	),
	(
		ARRAY[
			NULL::INT8,
			NULL::INT8
		]
	),
	(
		9
		/ 3
		* 1
			/ 3
	),
	(
		2.0
	),
	(
		2.4
		+ 4.6
	)

10:
----------
INSERT
INTO
	kv2
		(
			k,
			v
		)
VALUES
	(
		'a',
		'b'
	),
	(
		'c',
		'd'
	),
	(
		'e',
		'f'
	),
	(
		'f',
		'g'
	),
	(
		ARRAY[
			NULL::INT8
		]
	),
	(
		ARRAY[
			NULL::INT8,
			1
		]
	),
	(
		ARRAY[
			1,
			NULL::INT8
		]
	),
	(
		ARRAY[
			NULL::INT8,
			NULL::INT8
		]
	),
	(
		9
		/ 3
		* 1
			/ 3
	),
	(2.0),
	(
		2.4
		+ 4.6
	)

13:
-------------
INSERT
INTO
	kv2
		(
			k,
			v
		)
VALUES
	(
		'a',
		'b'
	),
	(
		'c',
		'd'
	),
	(
		'e',
		'f'
	),
	(
		'f',
		'g'
	),
	(
		ARRAY[
			NULL::INT8
		]
	),
	(
		ARRAY[
			NULL::INT8,
			1
		]
	),
	(
		ARRAY[
			1,
			NULL::INT8
		]
	),
	(
		ARRAY[
			NULL::INT8,
			NULL::INT8
		]
	),
	(
		9 / 3
		* 1
			/ 3
	),
	(2.0),
	(
		2.4
		+ 4.6
	)

14:
--------------
INSERT
INTO
	kv2 (k, v)
VALUES
	(
		'a',
		'b'
	),
	(
		'c',
		'd'
	),
	(
		'e',
		'f'
	),
	(
		'f',
		'g'
	),
	(
		ARRAY[
			NULL::INT8
		]
	),
	(
		ARRAY[
			NULL::INT8,
			1
		]
	),
	(
		ARRAY[
			1,
			NULL::INT8
		]
	),
	(
		ARRAY[
			NULL::INT8,
			NULL::INT8
		]
	),
	(
		9 / 3
		* 1
			/ 3
	),
	(2.0),
	(
		2.4
		+ 4.6
	)

15:
---------------
INSERT
INTO
	kv2 (k, v)
VALUES
	('a', 'b'),
	('c', 'd'),
	('e', 'f'),
	('f', 'g'),
	(
		ARRAY[
			NULL::INT8
		]
	),
	(
		ARRAY[
			NULL::INT8,
			1
		]
	),
	(
		ARRAY[
			1,
			NULL::INT8
		]
	),
	(
		ARRAY[
			NULL::INT8,
			NULL::INT8
		]
	),
	(
		9 / 3
		* 1 / 3
	),
	(2.0),
	(2.4 + 4.6)

20:
--------------------
INSERT
INTO
	kv2 (k, v)
VALUES
	('a', 'b'),
	('c', 'd'),
	('e', 'f'),
	('f', 'g'),
	(
		ARRAY[
			NULL::INT8
		]
	),
	(
		ARRAY[
			NULL::INT8,
			1
		]
	),
	(
		ARRAY[
			1,
			NULL::INT8
		]
	),
	(
		ARRAY[
			NULL::INT8,
			NULL::INT8
		]
	),
	(9 / 3 * 1 / 3),
	(2.0),
	(2.4 + 4.6)

24:
------------------------
INSERT
INTO
	kv2 (k, v)
VALUES
	('a', 'b'),
	('c', 'd'),
	('e', 'f'),
	('f', 'g'),
	(ARRAY[NULL::INT8]),
	(
		ARRAY[
			NULL::INT8,
			1
		]
	),
	(
		ARRAY[
			1,
			NULL::INT8
		]
	),
	(
		ARRAY[
			NULL::INT8,
			NULL::INT8
		]
	),
	(9 / 3 * 1 / 3),
	(2.0),
	(2.4 + 4.6)

27:
---------------------------
INSERT
INTO
	kv2 (k, v)
VALUES
	('a', 'b'),
	('c', 'd'),
	('e', 'f'),
	('f', 'g'),
	(ARRAY[NULL::INT8]),
	(ARRAY[NULL::INT8, 1]),
	(ARRAY[1, NULL::INT8]),
	(
		ARRAY[
			NULL::INT8,
			NULL::INT8
		]
	),
	(9 / 3 * 1 / 3),
	(2.0),
	(2.4 + 4.6)

36:
------------------------------------
INSERT
INTO
	kv2 (k, v)
VALUES
	('a', 'b'),
	('c', 'd'),
	('e', 'f'),
	('f', 'g'),
	(ARRAY[NULL::INT8]),
	(ARRAY[NULL::INT8, 1]),
	(ARRAY[1, NULL::INT8]),
	(ARRAY[NULL::INT8, NULL::INT8]),
	(9 / 3 * 1 / 3),
	(2.0),
	(2.4 + 4.6)

189:
---------------------------------------------------------------------------------------------------------------------------------------------------------------------------------------------
INSERT
INTO
	kv2 (k, v)
VALUES
	('a', 'b'), ('c', 'd'), ('e', 'f'), ('f', 'g'), (ARRAY[NULL::INT8]), (ARRAY[NULL::INT8, 1]), (ARRAY[1, NULL::INT8]), (ARRAY[NULL::INT8, NULL::INT8]), (9 / 3 * 1 / 3), (2.0), (2.4 + 4.6)

215:
-----------------------------------------------------------------------------------------------------------------------------------------------------------------------------------------------------------------------
INSERT INTO kv2 (k, v) VALUES ('a', 'b'), ('c', 'd'), ('e', 'f'), ('f', 'g'), (ARRAY[NULL::INT8]), (ARRAY[NULL::INT8, 1]), (ARRAY[1, NULL::INT8]), (ARRAY[NULL::INT8, NULL::INT8]), (9 / 3 * 1 / 3), (2.0), (2.4 + 4.6)


