// Code generated by TestPretty. DO NOT EDIT.
// GENERATED FILE DO NOT EDIT
1:
-
SELECT
	count(
		*
	)
FROM
	[
		DELETE FROM
			unindexed
		LIMIT
			5
		RETURNING
			v
	]

12:
------------
SELECT
	count(*)
FROM
	[
		DELETE FROM
			unindexed
		LIMIT
			5
		RETURNING
			v
	]

47:
-----------------------------------------------
SELECT
	count(*)
FROM
	[DELETE FROM unindexed LIMIT 5 RETURNING v]

64:
----------------------------------------------------------------
SELECT count(*) FROM [DELETE FROM unindexed LIMIT 5 RETURNING v]


