1:
-
SELECT
	(
		(
			(
				(
					(
						(
							1,
							'2',
							3
						)
						AS
							a,
							b,
							c
					),
					(
						(
							4,
							'5'
						)
						AS
							a,
							b
					),
					(
						ROW(
							6
						)
						AS
							a
					)
				)
				AS
					a,
					b,
					c
			),
			(
				(
					7,
					8
				)
				AS
					a,
					b
			),
			(
				ROW(
					'9'
				)
				AS
					a
			)
		)
		AS
			a,
			b,
			c
	)
		AS r

18:
------------------
SELECT
	(
		(
			(
				(
					(
						(
							1,
							'2',
							3
						)
						AS
							a,
							b,
							c
					),
					(
						(
							4,
							'5'
						)
						AS
							a,
							b
					),
					(
						ROW(
							6
						)
						AS
							a
					)
				)
				AS
					a,
					b,
					c
			),
			(
				(
					7,
					8
				)
				AS
					a,
					b
			),
			(
				ROW(
					'9'
				)
				AS
					a
			)
		)
		AS a, b, c
	)
		AS r

20:
--------------------
SELECT
	(
		(
			(
				(
					(
						(
							1,
							'2',
							3
						)
						AS
							a,
							b,
							c
					),
					(
						(
							4,
							'5'
						)
						AS
							a,
							b
					),
					(
						ROW(
							6
						)
						AS
							a
					)
				)
				AS
					a,
					b,
					c
			),
			(
				(
					7,
					8
				)
				AS
					a,
					b
			),
			(
				ROW(
					'9'
				)
				AS a
			)
		)
		AS a, b, c
	)
		AS r

22:
----------------------
SELECT
	(
		(
			(
				(
					(
						(
							1,
							'2',
							3
						)
						AS
							a,
							b,
							c
					),
					(
						(
							4,
							'5'
						)
						AS
							a,
							b
					),
					(
						ROW(
							6
						)
						AS
							a
					)
				)
				AS
					a,
					b,
					c
			),
			(
				(7, 8)
				AS
					a,
					b
			),
			(
				ROW(
					'9'
				)
				AS a
			)
		)
		AS a, b, c
	)
		AS r

23:
-----------------------
SELECT
	(
		(
			(
				(
					(
						(
							1,
							'2',
							3
						)
						AS
							a,
							b,
							c
					),
					(
						(
							4,
							'5'
						)
						AS
							a,
							b
					),
					(
						ROW(
							6
						)
						AS
							a
					)
				)
				AS
					a,
					b,
					c
			),
			(
				(7, 8)
				AS a, b
			),
			(
				ROW(
					'9'
				)
				AS a
			)
		)
		AS a, b, c
	)
		AS r

24:
------------------------
SELECT
	(
		(
			(
				(
					(
						(
							1,
							'2',
							3
						)
						AS
							a,
							b,
							c
					),
					(
						(
							4,
							'5'
						)
						AS
							a,
							b
					),
					(
						ROW(
							6
						)
						AS
							a
					)
				)
				AS
					a,
					b,
					c
			),
			(
				(7, 8)
				AS a, b
			),
			(
				ROW('9')
				AS a
			)
		)
		AS a, b, c
	)
		AS r

26:
--------------------------
SELECT
	(
		(
			(
				(
					(
						(
							1,
							'2',
							3
						)
						AS
							a,
							b,
							c
					),
					(
						(
							4,
							'5'
						)
						AS
							a,
							b
					),
					(
						ROW(
							6
						)
						AS
							a
					)
				)
				AS a, b, c
			),
			(
				(7, 8)
				AS a, b
			),
			(
				ROW('9')
				AS a
			)
		)
		AS a, b, c
	)
		AS r

27:
---------------------------
SELECT
	(
		(
			(
				(
					(
						(
							1,
							'2',
							3
						)
						AS
							a,
							b,
							c
					),
					(
						(
							4,
							'5'
						)
						AS
							a,
							b
					),
					(
						ROW(
							6
						)
						AS
							a
					)
				)
				AS a, b, c
			),
			(
				(7, 8)
				AS a, b
			),
			(ROW('9') AS a)
		)
		AS a, b, c
	)
		AS r

28:
----------------------------
SELECT
	(
		(
			(
				(
					(
						(
							1,
							'2',
							3
						)
						AS
							a,
							b,
							c
					),
					(
						(
							4,
							'5'
						)
						AS
							a,
							b
					),
					(
						ROW(
							6
						)
						AS a
					)
				)
				AS a, b, c
			),
			(
				(7, 8)
				AS a, b
			),
			(ROW('9') AS a)
		)
		AS a, b, c
	)
		AS r

29:
-----------------------------
SELECT
	(
		(
			(
				(
					(
						(
							1,
							'2',
							3
						)
						AS
							a,
							b,
							c
					),
					(
						(
							4,
							'5'
						)
						AS
							a,
							b
					),
					(
						ROW(
							6
						)
						AS a
					)
				)
				AS a, b, c
			),
			((7, 8) AS a, b),
			(ROW('9') AS a)
		)
		AS a, b, c
	)
		AS r

30:
------------------------------
SELECT
	(
		(
			(
				(
					(
						(
							1,
							'2',
							3
						)
						AS
							a,
							b,
							c
					),
					(
						(
							4,
							'5'
						)
						AS
							a,
							b
					),
					(
						ROW(6)
						AS a
					)
				)
				AS a, b, c
			),
			((7, 8) AS a, b),
			(ROW('9') AS a)
		)
		AS a, b, c
	)
		AS r

31:
-------------------------------
SELECT
	(
		(
			(
				(
					(
						(
							1,
							'2',
							3
						)
						AS
							a,
							b,
							c
					),
					(
						(
							4,
							'5'
						)
						AS a, b
					),
					(
						ROW(6)
						AS a
					)
				)
				AS a, b, c
			),
			((7, 8) AS a, b),
			(ROW('9') AS a)
		)
		AS a, b, c
	)
		AS r

32:
--------------------------------
SELECT
	(
		(
			(
				(
					(
						(
							1,
							'2',
							3
						)
						AS
							a,
							b,
							c
					),
					(
						(4, '5')
						AS a, b
					),
					(
						ROW(6)
						AS a
					)
				)
				AS a, b, c
			),
			((7, 8) AS a, b),
			(ROW('9') AS a)
		)
		AS a, b, c
	)
		AS r

33:
---------------------------------
SELECT
	(
		(
			(
				(
					(
						(
							1,
							'2',
							3
						)
						AS
							a,
							b,
							c
					),
					(
						(4, '5')
						AS a, b
					),
					(ROW(6) AS a)
				)
				AS a, b, c
			),
			((7, 8) AS a, b),
			(ROW('9') AS a)
		)
		AS a, b, c
	)
		AS r

34:
----------------------------------
SELECT
	(
		(
			(
				(
					(
						(
							1,
							'2',
							3
						)
						AS a, b, c
					),
					(
						(4, '5')
						AS a, b
					),
					(ROW(6) AS a)
				)
				AS a, b, c
			),
			((7, 8) AS a, b),
			(ROW('9') AS a)
		)
		AS a, b, c
	)
		AS r

35:
-----------------------------------
SELECT
	(
		(
			(
				(
					(
						(1, '2', 3)
						AS a, b, c
					),
					(
						(4, '5')
						AS a, b
					),
					(ROW(6) AS a)
				)
				AS a, b, c
			),
			((7, 8) AS a, b),
			(ROW('9') AS a)
		)
		AS a, b, c
	)
		AS r

39:
---------------------------------------
SELECT
	(
		(
			(
				(
					(
						(1, '2', 3)
						AS a, b, c
					),
					((4, '5') AS a, b),
					(ROW(6) AS a)
				)
				AS a, b, c
			),
			((7, 8) AS a, b),
			(ROW('9') AS a)
		)
		AS a, b, c
	)
		AS r

45:
---------------------------------------------
SELECT
	(
		(
			(
				(
					((1, '2', 3) AS a, b, c),
					((4, '5') AS a, b),
					(ROW(6) AS a)
				)
				AS a, b, c
			),
			((7, 8) AS a, b),
			(ROW('9') AS a)
		)
		AS a, b, c
	)
		AS r

77:
-----------------------------------------------------------------------------
SELECT
	(
		(
			(
				(((1, '2', 3) AS a, b, c), ((4, '5') AS a, b), (ROW(6) AS a))
				AS a, b, c
			),
			((7, 8) AS a, b),
			(ROW('9') AS a)
		)
		AS a, b, c
	)
		AS r

87:
---------------------------------------------------------------------------------------
SELECT
	(
		(
			((((1, '2', 3) AS a, b, c), ((4, '5') AS a, b), (ROW(6) AS a)) AS a, b, c),
			((7, 8) AS a, b),
			(ROW('9') AS a)
		)
		AS a, b, c
	)
		AS r

119:
-----------------------------------------------------------------------------------------------------------------------
SELECT
	(
		(((((1, '2', 3) AS a, b, c), ((4, '5') AS a, b), (ROW(6) AS a)) AS a, b, c), ((7, 8) AS a, b), (ROW('9') AS a))
		AS a, b, c
	)
		AS r

128:
--------------------------------------------------------------------------------------------------------------------------------
SELECT
	((((((1, '2', 3) AS a, b, c), ((4, '5') AS a, b), (ROW(6) AS a)) AS a, b, c), ((7, 8) AS a, b), (ROW('9') AS a)) AS a, b, c)
		AS r

133:
-------------------------------------------------------------------------------------------------------------------------------------
SELECT
	((((((1, '2', 3) AS a, b, c), ((4, '5') AS a, b), (ROW(6) AS a)) AS a, b, c), ((7, 8) AS a, b), (ROW('9') AS a)) AS a, b, c) AS r

136:
----------------------------------------------------------------------------------------------------------------------------------------
SELECT ((((((1, '2', 3) AS a, b, c), ((4, '5') AS a, b), (ROW(6) AS a)) AS a, b, c), ((7, 8) AS a, b), (ROW('9') AS a)) AS a, b, c) AS r
