// Code generated by TestPretty. DO NOT EDIT.
// GENERATED FILE DO NOT EDIT
1:
-
ALTER TABLE foo
	ADD COLUMN
		"baR"
			"Mixed Case"
			DEFAULT (
				'foo'::"BarBazBaq"
			)
			ON UPDATE (
				'baz':::"With Emojis too üëç"
			),
	ADD COLUMN
		"baR"
			"DefaultDB".üëé."Mixed Case"
			DEFAULT (
				'foo'::"DefaultDB".public."Mixed Case"
			)
			ON UPDATE (
				'baz':::üëé."Mixed Case"
			)

20:
--------------------
ALTER TABLE foo
	ADD COLUMN "baR"
				"Mixed Case"
				DEFAULT (
					'foo'::"BarBazBaq"
				)
				ON UPDATE (
					'baz':::"With Emojis too üëç"
				),
	ADD COLUMN "baR"
				"DefaultDB".üëé."Mixed Case"
				DEFAULT (
					'foo'::"DefaultDB".public."Mixed Case"
				)
				ON UPDATE (
					'baz':::üëé."Mixed Case"
				)

26:
--------------------------
ALTER TABLE foo ADD COLUMN
					"baR"
						"Mixed Case"
						DEFAULT (
							'foo'::"BarBazBaq"
						)
						ON UPDATE (
							'baz':::"With Emojis too üëç"
						),
                ADD COLUMN
					"baR"
						"DefaultDB".üëé."Mixed Case"
						DEFAULT (
							'foo'::"DefaultDB".public."Mixed Case"
						)
						ON UPDATE (
							'baz':::üëé."Mixed Case"
						)

32:
--------------------------------
ALTER TABLE foo ADD COLUMN "baR"
							"Mixed Case"
							DEFAULT (
								'foo'::"BarBazBaq"
							)
							ON UPDATE (
								'baz':::"With Emojis too üëç"
							),
                ADD COLUMN "baR"
							"DefaultDB".üëé."Mixed Case"
							DEFAULT (
								'foo'::"DefaultDB".public."Mixed Case"
							)
							ON UPDATE (
								'baz':::üëé."Mixed Case"
							)

45:
---------------------------------------------
ALTER TABLE foo ADD COLUMN "baR" "Mixed Case"
                                 DEFAULT (
									'foo'::"BarBazBaq"
                                 )
                                 ON UPDATE (
									'baz':::"With Emojis too üëç"
                                 ),
                ADD COLUMN "baR"
							"DefaultDB".üëé."Mixed Case"
							DEFAULT (
								'foo'::"DefaultDB".public."Mixed Case"
							)
							ON UPDATE (
								'baz':::üëé."Mixed Case"
							)

61:
-------------------------------------------------------------
ALTER TABLE foo ADD COLUMN "baR" "Mixed Case"
                                 DEFAULT ('foo'::"BarBazBaq")
                                 ON UPDATE (
									'baz':::"With Emojis too üëç"
                                 ),
                ADD COLUMN "baR"
							"DefaultDB".üëé."Mixed Case"
							DEFAULT (
								'foo'::"DefaultDB".public."Mixed Case"
							)
							ON UPDATE (
								'baz':::üëé."Mixed Case"
							)

62:
--------------------------------------------------------------
ALTER TABLE foo ADD COLUMN "baR" "Mixed Case"
                                 DEFAULT ('foo'::"BarBazBaq")
                                 ON UPDATE (
									'baz':::"With Emojis too üëç"
                                 ),
                ADD COLUMN "baR" "DefaultDB".üëé."Mixed Case"
                                 DEFAULT (
									'foo'::"DefaultDB".public."Mixed Case"
                                 )
                                 ON UPDATE (
									'baz':::üëé."Mixed Case"
                                 )

70:
----------------------------------------------------------------------
ALTER TABLE foo ADD COLUMN "baR" "Mixed Case"
                                 DEFAULT ('foo'::"BarBazBaq")
                                 ON UPDATE (
									'baz':::"With Emojis too üëç"
                                 ),
                ADD COLUMN "baR" "DefaultDB".üëé."Mixed Case"
                                 DEFAULT (
									'foo'::"DefaultDB".public."Mixed Case"
                                 )
                                 ON UPDATE ('baz':::üëé."Mixed Case")

76:
----------------------------------------------------------------------------
ALTER TABLE foo ADD COLUMN "baR" "Mixed Case"
                                 DEFAULT ('foo'::"BarBazBaq")
                                 ON UPDATE ('baz':::"With Emojis too üëç"),
                ADD COLUMN "baR" "DefaultDB".üëé."Mixed Case"
                                 DEFAULT (
									'foo'::"DefaultDB".public."Mixed Case"
                                 )
                                 ON UPDATE ('baz':::üëé."Mixed Case")

81:
---------------------------------------------------------------------------------
ALTER TABLE foo ADD COLUMN "baR" "Mixed Case"
                                 DEFAULT ('foo'::"BarBazBaq")
                                 ON UPDATE ('baz':::"With Emojis too üëç"),
                ADD COLUMN "baR" "DefaultDB".üëé."Mixed Case"
                                 DEFAULT ('foo'::"DefaultDB".public."Mixed Case")
                                 ON UPDATE ('baz':::üëé."Mixed Case")

118:
----------------------------------------------------------------------------------------------------------------------
ALTER TABLE foo ADD COLUMN "baR" "Mixed Case" DEFAULT ('foo'::"BarBazBaq") ON UPDATE ('baz':::"With Emojis too üëç"),
                ADD COLUMN "baR" "DefaultDB".üëé."Mixed Case"
                                 DEFAULT ('foo'::"DefaultDB".public."Mixed Case")
                                 ON UPDATE ('baz':::üëé."Mixed Case")

149:
-----------------------------------------------------------------------------------------------------------------------------------------------------
ALTER TABLE foo ADD COLUMN "baR" "Mixed Case" DEFAULT ('foo'::"BarBazBaq") ON UPDATE ('baz':::"With Emojis too üëç"),
                ADD COLUMN "baR" "DefaultDB".üëé."Mixed Case" DEFAULT ('foo'::"DefaultDB".public."Mixed Case") ON UPDATE ('baz':::üëé."Mixed Case")

252:
------------------------------------------------------------------------------------------------------------------------------------------------------------------------------------------------------------------------------------------------------------
ALTER TABLE foo ADD COLUMN "baR" "Mixed Case" DEFAULT ('foo'::"BarBazBaq") ON UPDATE ('baz':::"With Emojis too üëç"), ADD COLUMN "baR" "DefaultDB".üëé."Mixed Case" DEFAULT ('foo'::"DefaultDB".public."Mixed Case") ON UPDATE ('baz':::üëé."Mixed Case")


