// Code generated by TestPretty. DO NOT EDIT.
// GENERATED FILE DO NOT EDIT
1:
-
SELECT
	a
	AND (
			b
			OR c
		)
	AND d,
	a
	OR (
			b
			AND c
		)
	OR d

8:
--------
SELECT a
   AND (
		b
		OR c
       )
   AND d,
       a
    OR (
		b
		AND c
       )
    OR d

15:
---------------
SELECT a
   AND (b OR c)
   AND d,
       a
    OR (
		b
		AND c
       )
    OR d

16:
----------------
SELECT a
   AND (b OR c)
   AND d,
       a
    OR (b AND c)
    OR d

48:
------------------------------------------------
SELECT a AND (b OR c) AND d, a OR (b AND c) OR d


