1:
-
SELECT
	a
	AND (
			b
			OR c
		)
	AND d,
	a
	OR (
			b
			AND c
		)
	OR d

16:
----------------
SELECT
	a
	AND (b OR c)
	AND d,
	a
	OR (b AND c)
	OR d

45:
---------------------------------------------
SELECT
	a AND (b OR c) AND d, a OR (b AND c) OR d

48:
------------------------------------------------
SELECT a AND (b OR c) AND d, a OR (b AND c) OR d
