// Code generated by TestPretty. DO NOT EDIT.
// GENERATED FILE DO NOT EDIT
1:
-
CREATE TABLE t (
	a
		INT8
)
INTERLEAVE IN PARENT p2 (
	i,
	test
) RESTRICT

10:
----------
CREATE TABLE t (
	a INT8
)
INTERLEAVE IN PARENT p2 (
	i,
	test
) RESTRICT

23:
-----------------------
CREATE TABLE t (a INT8)
INTERLEAVE IN PARENT p2 (
	i,
	test
) RESTRICT

42:
------------------------------------------
CREATE TABLE t (a INT8)
INTERLEAVE IN PARENT p2 (i, test) RESTRICT

66:
------------------------------------------------------------------
CREATE TABLE t (a INT8) INTERLEAVE IN PARENT p2 (i, test) RESTRICT


