// Code generated by TestPretty. DO NOT EDIT.
// GENERATED FILE DO NOT EDIT
1:
-
CREATE TABLE t (
	id
) AS
	VALUES
		(
			1
		)

11:
-----------
CREATE TABLE t (
	id
) AS
	VALUES
		(1)

14:
--------------
CREATE TABLE t (
	id
) AS
	VALUES (1)

22:
----------------------
CREATE TABLE t (id) AS
	VALUES (1)

33:
---------------------------------
CREATE TABLE t (id) AS VALUES (1)


