// Code generated by TestPretty. DO NOT EDIT.
// GENERATED FILE DO NOT EDIT
1:
-
CREATE TABLE t (
	a
		INT
)
INTERLEAVE IN PARENT p2 (
	i,
	test
) RESTRICT

9:
---------
CREATE TABLE t (
	a INT
)
INTERLEAVE IN PARENT p2 (
	i,
	test
) RESTRICT

22:
----------------------
CREATE TABLE t (a INT)
INTERLEAVE IN PARENT p2 (
	i,
	test
) RESTRICT

42:
------------------------------------------
CREATE TABLE t (a INT)
INTERLEAVE IN PARENT p2 (i, test) RESTRICT

65:
-----------------------------------------------------------------
CREATE TABLE t (a INT) INTERLEAVE IN PARENT p2 (i, test) RESTRICT


