// Code generated by TestPretty. DO NOT EDIT.
// GENERATED FILE DO NOT EDIT
1:
-
CREATE MATERIALIZED VIEW startrek.quotes_per_season (
	season,
	quotes
) AS
	SELECT
		startrek.episodes.season,
		count(
			*
		)
	FROM
		startrek.quotes
		JOIN startrek.episodes ON
				startrek.quotes.episode
				= startrek.episodes.id
	GROUP BY
		startrek.episodes.season WITH NO DATA

16:
----------------
CREATE MATERIALIZED VIEW startrek.quotes_per_season (
	season,
	quotes
) AS
	SELECT
		startrek.episodes.season,
		count(*)
	FROM
		startrek.quotes
		JOIN startrek.episodes ON
				startrek.quotes.episode
				= startrek.episodes.id
	GROUP BY
		startrek.episodes.season WITH NO DATA

42:
------------------------------------------
CREATE MATERIALIZED VIEW startrek.quotes_per_season (
	season,
	quotes
) AS
	SELECT
		startrek.episodes.season, count(*)
	FROM
		startrek.quotes
		JOIN startrek.episodes ON
				startrek.quotes.episode
				= startrek.episodes.id
	GROUP BY
		startrek.episodes.season WITH NO DATA

62:
--------------------------------------------------------------
CREATE MATERIALIZED VIEW startrek.quotes_per_season (
	season,
	quotes
) AS
	SELECT
		startrek.episodes.season, count(*)
	FROM
		startrek.quotes
		JOIN startrek.episodes ON
				startrek.quotes.episode = startrek.episodes.id
	GROUP BY
		startrek.episodes.season WITH NO DATA

71:
-----------------------------------------------------------------------
CREATE MATERIALIZED VIEW startrek.quotes_per_season (season, quotes) AS
	SELECT
		startrek.episodes.season, count(*)
	FROM
		startrek.quotes
		JOIN startrek.episodes ON
				startrek.quotes.episode = startrek.episodes.id
	GROUP BY
		startrek.episodes.season WITH NO DATA

80:
--------------------------------------------------------------------------------
CREATE MATERIALIZED VIEW startrek.quotes_per_season (season, quotes) AS
	SELECT
		startrek.episodes.season, count(*)
	FROM
		startrek.quotes
		JOIN startrek.episodes ON startrek.quotes.episode = startrek.episodes.id
	GROUP BY
		startrek.episodes.season WITH NO DATA

96:
------------------------------------------------------------------------------------------------
CREATE MATERIALIZED VIEW startrek.quotes_per_season (season, quotes) AS
	SELECT
		startrek.episodes.season, count(*)
	FROM
		startrek.quotes JOIN startrek.episodes ON startrek.quotes.episode = startrek.episodes.id
	GROUP BY
		startrek.episodes.season WITH NO DATA

186:
------------------------------------------------------------------------------------------------------------------------------------------------------------------------------------------
CREATE MATERIALIZED VIEW startrek.quotes_per_season (season, quotes) AS
	SELECT startrek.episodes.season, count(*) FROM startrek.quotes JOIN startrek.episodes ON startrek.quotes.episode = startrek.episodes.id GROUP BY startrek.episodes.season WITH NO DATA

254:
--------------------------------------------------------------------------------------------------------------------------------------------------------------------------------------------------------------------------------------------------------------
CREATE MATERIALIZED VIEW startrek.quotes_per_season (season, quotes) AS SELECT startrek.episodes.season, count(*) FROM startrek.quotes JOIN startrek.episodes ON startrek.quotes.episode = startrek.episodes.id GROUP BY startrek.episodes.season WITH NO DATA


