// Code generated by TestPretty. DO NOT EDIT.
// GENERATED FILE DO NOT EDIT
1:
-
IMPORT
TABLE
	t
CREATE USING
	'http://test'
CSV
	DATA (
		$1,
		'http://csv'
	)

27:
---------------------------
IMPORT
TABLE
	t
CREATE USING
	'http://test'
CSV
	DATA ($1, 'http://csv')

69:
---------------------------------------------------------------------
IMPORT TABLE t CREATE USING 'http://test' CSV DATA ($1, 'http://csv')


