1:
-
SELECT
	*
FROM
	a
	CROSS JOIN
		b,
	a
	CROSS JOIN
		(
			c
			CROSS JOIN
				d
		),
	d,
	(
		TABLE
			x
	),
	(
		TABLE
			e
		ORDER BY
			f
	)

6:
------
SELECT
	*
FROM a
     CROSS JOIN
		b,
     a
     CROSS JOIN
		(
			c
			CROSS JOIN
				d
		),
     d,
     (
		TABLE
			x
     ),
     (
		TABLE
			e
		ORDER BY
			f
     )

8:
--------
SELECT *
FROM a
     CROSS JOIN
		b,
     a
     CROSS JOIN
		(
			c
			CROSS JOIN
				d
		),
     d,
     (
		TABLE
			x
     ),
     (
		TABLE
			e
		ORDER BY
			f
     )

15:
---------------
SELECT *
FROM a
     CROSS JOIN
		b,
     a
     CROSS JOIN
		(
			c
			CROSS JOIN
				d
		),
     d,
     (TABLE x),
     (
		TABLE e
		ORDER BY
			f
     )

17:
-----------------
SELECT *
FROM a
     CROSS JOIN
		b,
     a
     CROSS JOIN (
					c
					CROSS JOIN
						d
                ),
     d,
     (TABLE x),
     (
		TABLE e
		ORDER BY
			f
     )

18:
------------------
SELECT *
FROM a
     CROSS JOIN b,
     a
     CROSS JOIN (
					c
					CROSS JOIN
						d
                ),
     d,
     (TABLE x),
     (
		TABLE e
		ORDER BY f
     )

25:
-------------------------
SELECT *
FROM a
     CROSS JOIN b,
     a
     CROSS JOIN (
					c
					CROSS JOIN
						d
                ),
     d,
     (TABLE x),
     (TABLE e ORDER BY f)

32:
--------------------------------
SELECT *
FROM a
     CROSS JOIN b,
     a
     CROSS JOIN (
					c
					CROSS JOIN d
                ),
     d,
     (TABLE x),
     (TABLE e ORDER BY f)

33:
---------------------------------
SELECT *
FROM a
     CROSS JOIN b,
     a
     CROSS JOIN (c CROSS JOIN d),
     d,
     (TABLE x),
     (TABLE e ORDER BY f)

86:
--------------------------------------------------------------------------------------
SELECT *
FROM a CROSS JOIN b, a CROSS JOIN (c CROSS JOIN d), d, (TABLE x), (TABLE e ORDER BY f)

95:
-----------------------------------------------------------------------------------------------
SELECT * FROM a CROSS JOIN b, a CROSS JOIN (c CROSS JOIN d), d, (TABLE x), (TABLE e ORDER BY f)
