// Code generated by TestPretty. DO NOT EDIT.
// GENERATED FILE DO NOT EDIT
1:
-
SELECT
	*
FROM
	generate_series(
		a
	),
	generate_series(
		b
	),
	ROWS FROM (
		generate_series(
			a
		),
		generate_series(
			b
		)
	)

23:
-----------------------
SELECT
	*
FROM
	generate_series(a),
	generate_series(b),
	ROWS FROM (
		generate_series(
			a
		),
		generate_series(
			b
		)
	)

26:
--------------------------
SELECT
	*
FROM
	generate_series(a),
	generate_series(b),
	ROWS FROM (
		generate_series(
			a
		),
		generate_series(b)
	)

27:
---------------------------
SELECT
	*
FROM
	generate_series(a),
	generate_series(b),
	ROWS FROM (
		generate_series(a),
		generate_series(b)
	)

54:
------------------------------------------------------
SELECT
	*
FROM
	generate_series(a),
	generate_series(b),
	ROWS FROM (generate_series(a), generate_series(b))

94:
----------------------------------------------------------------------------------------------
SELECT
	*
FROM
	generate_series(a), generate_series(b), ROWS FROM (generate_series(a), generate_series(b))

104:
--------------------------------------------------------------------------------------------------------
SELECT * FROM generate_series(a), generate_series(b), ROWS FROM (generate_series(a), generate_series(b))


