// Code generated by TestPretty. DO NOT EDIT.
// GENERATED FILE DO NOT EDIT
1:
-
SELECT
	a,
	b,
	c
FROM
	x
UNION ALL
	SELECT
		d,
		e,
		f
	FROM
		y

11:
-----------
SELECT
	a, b, c
FROM
	x
UNION ALL
	SELECT
		d,
		e,
		f
	FROM
		y

15:
---------------
SELECT
	a, b, c
FROM
	x
UNION ALL
	SELECT
		d, e, f
	FROM
		y

21:
---------------------
SELECT a, b, c FROM x
UNION ALL
	SELECT
		d, e, f
	FROM
		y

25:
-------------------------
SELECT a, b, c FROM x
UNION ALL
	SELECT d, e, f FROM y

31:
-------------------------------
SELECT a, b, c FROM x
UNION ALL SELECT d, e, f FROM y

53:
-----------------------------------------------------
SELECT a, b, c FROM x UNION ALL SELECT d, e, f FROM y


